init done.
mergeSuperPixels: INVALID_INPUT
getHighestScoredLabel: INVALID_INPUT
addImage: SUCCESS
quit done.
