init done.
addImage: SUCCESS
resetLabelScore: INVALID_INPUT
addImage: FAILURE
quit done.
