init done.
getHighestScoredLabel: INVALID_INPUT
getHighestScoredLabel: INVALID_INPUT
addImage: SUCCESS
resetLabelScore: INVALID_INPUT
resetLabelScore: INVALID_INPUT
resetLabelScore: INVALID_INPUT
quit done.
