init done.
getHighestScoredLabel: INVALID_INPUT
addImage: SUCCESS
resetLabelScore: INVALID_INPUT
setLabelScore: INVALID_INPUT
addImage: SUCCESS
resetLabelScore: FAILURE
deleteImage: SUCCESS
addImage: SUCCESS
addImage: FAILURE
setLabelScore: SUCCESS
addImage: SUCCESS
deleteImage: INVALID_INPUT
mergeSuperPixels: INVALID_INPUT
deleteImage: INVALID_INPUT
addImage: FAILURE
deleteImage: SUCCESS
deleteImage: SUCCESS
getHighestScoredLabel: FAILURE
addImage: SUCCESS
addImage: SUCCESS
getHighestScoredLabel: FAILURE
addImage: INVALID_INPUT
addImage: INVALID_INPUT
deleteImage: FAILURE
addImage: SUCCESS
mergeSuperPixels: INVALID_INPUT
setLabelScore: SUCCESS
setLabelScore: SUCCESS
addImage: INVALID_INPUT
getHighestScoredLabel: FAILURE
mergeSuperPixels: INVALID_INPUT
setLabelScore: INVALID_INPUT
setLabelScore: INVALID_INPUT
deleteImage: INVALID_INPUT
setLabelScore: INVALID_INPUT
getHighestScoredLabel: FAILURE
mergeSuperPixels: SUCCESS
setLabelScore: FAILURE
setLabelScore: FAILURE
mergeSuperPixels: INVALID_INPUT
setLabelScore: SUCCESS
addImage: SUCCESS
setLabelScore: INVALID_INPUT
setLabelScore: SUCCESS
setLabelScore: INVALID_INPUT
setLabelScore: SUCCESS
getHighestScoredLabel: FAILURE
deleteImage: SUCCESS
setLabelScore: INVALID_INPUT
getHighestScoredLabel: INVALID_INPUT
mergeSuperPixels: SUCCESS
mergeSuperPixels: SUCCESS
setLabelScore: SUCCESS
addImage: INVALID_INPUT
deleteImage: SUCCESS
deleteImage: SUCCESS
addImage: SUCCESS
addImage: INVALID_INPUT
quit done.
