init done.
mergeSuperPixels: INVALID_INPUT
setLabelScore: INVALID_INPUT
deleteImage: FAILURE
getHighestScoredLabel: INVALID_INPUT
addImage: SUCCESS
quit done.
