init done.
setLabelScore: INVALID_INPUT
resetLabelScore: FAILURE
addImage: SUCCESS
addImage: FAILURE
addImage: SUCCESS
addImage: FAILURE
setLabelScore: INVALID_INPUT
quit done.
