init done.
addImage: INVALID_INPUT
addImage: SUCCESS
addImage: SUCCESS
quit done.
