init done.
addImage: SUCCESS
deleteImage: SUCCESS
addImage: INVALID_INPUT
addImage: SUCCESS
addImage: INVALID_INPUT
mergeSuperPixels: SUCCESS
addImage: INVALID_INPUT
addImage: INVALID_INPUT
addImage: SUCCESS
addImage: FAILURE
deleteImage: SUCCESS
setLabelScore: SUCCESS
addImage: INVALID_INPUT
getHighestScoredLabel: FAILURE
addImage: SUCCESS
quit done.
