init done.
deleteImage: INVALID_INPUT
deleteImage: FAILURE
deleteImage: FAILURE
quit done.
