init done.
resetLabelScore: INVALID_INPUT
addImage: INVALID_INPUT
mergeSuperPixels: INVALID_INPUT
addImage: SUCCESS
resetLabelScore: INVALID_INPUT
getHighestScoredLabel: FAILURE
addImage: INVALID_INPUT
resetLabelScore: INVALID_INPUT
setLabelScore: FAILURE
mergeSuperPixels: SUCCESS
addImage: SUCCESS
setLabelScore: SUCCESS
resetLabelScore: INVALID_INPUT
setLabelScore: INVALID_INPUT
addImage: INVALID_INPUT
quit done.
