init done.
mergeSuperPixels: FAILURE
addImage: SUCCESS
setLabelScore: SUCCESS
setLabelScore: SUCCESS
addImage: FAILURE
resetLabelScore: INVALID_INPUT
setLabelScore: INVALID_INPUT
quit done.
