init done.
addImage: SUCCESS
deleteImage: SUCCESS
mergeSuperPixels: INVALID_INPUT
addImage: SUCCESS
resetLabelScore: INVALID_INPUT
deleteImage: INVALID_INPUT
resetLabelScore: INVALID_INPUT
addImage: INVALID_INPUT
addImage: SUCCESS
quit done.
