init done.
getHighestScoredLabel: INVALID_INPUT
quit done.
