init done.
mergeSuperPixels: INVALID_INPUT
addImage: SUCCESS
mergeSuperPixels: SUCCESS
getHighestScoredLabel: FAILURE
addImage: SUCCESS
deleteImage: SUCCESS
mergeSuperPixels: SUCCESS
deleteImage: SUCCESS
addImage: SUCCESS
addImage: FAILURE
addImage: INVALID_INPUT
addImage: SUCCESS
addImage: SUCCESS
deleteImage: SUCCESS
quit done.
