init done.
addImage: SUCCESS
mergeSuperPixels: INVALID_INPUT
getHighestScoredLabel: FAILURE
deleteImage: SUCCESS
addImage: SUCCESS
addImage: SUCCESS
getHighestScoredLabel: FAILURE
mergeSuperPixels: SUCCESS
addImage: FAILURE
addImage: INVALID_INPUT
deleteImage: FAILURE
resetLabelScore: INVALID_INPUT
quit done.
