init done.
addImage: SUCCESS
addImage: SUCCESS
addImage: FAILURE
addImage: INVALID_INPUT
getHighestScoredLabel: FAILURE
addImage: FAILURE
addImage: INVALID_INPUT
setLabelScore: FAILURE
quit done.
