init done.
addImage: SUCCESS
mergeSuperPixels: SUCCESS
addImage: SUCCESS
getHighestScoredLabel: FAILURE
quit done.
