init done.
mergeSuperPixels: INVALID_INPUT
addImage: INVALID_INPUT
addImage: INVALID_INPUT
resetLabelScore: INVALID_INPUT
setLabelScore: FAILURE
getHighestScoredLabel: INVALID_INPUT
addImage: INVALID_INPUT
addImage: SUCCESS
quit done.
