init done.
addImage: SUCCESS
setLabelScore: SUCCESS
resetLabelScore: INVALID_INPUT
setLabelScore: SUCCESS
setLabelScore: SUCCESS
deleteImage: INVALID_INPUT
setLabelScore: INVALID_INPUT
deleteImage: SUCCESS
addImage: INVALID_INPUT
addImage: SUCCESS
deleteImage: FAILURE
addImage: SUCCESS
addImage: FAILURE
addImage: INVALID_INPUT
addImage: SUCCESS
setLabelScore: SUCCESS
addImage: INVALID_INPUT
addImage: INVALID_INPUT
setLabelScore: SUCCESS
resetLabelScore: INVALID_INPUT
deleteImage: INVALID_INPUT
addImage: INVALID_INPUT
addImage: INVALID_INPUT
deleteImage: SUCCESS
addImage: INVALID_INPUT
addImage: FAILURE
addImage: SUCCESS
quit done.
