init done.
addImage: SUCCESS
mergeSuperPixels: FAILURE
resetLabelScore: INVALID_INPUT
resetLabelScore: INVALID_INPUT
addImage: SUCCESS
deleteImage: INVALID_INPUT
addImage: SUCCESS
mergeSuperPixels: SUCCESS
mergeSuperPixels: SUCCESS
setLabelScore: SUCCESS
mergeSuperPixels: INVALID_INPUT
addImage: FAILURE
mergeSuperPixels: INVALID_INPUT
getHighestScoredLabel: FAILURE
addImage: INVALID_INPUT
mergeSuperPixels: FAILURE
setLabelScore: INVALID_INPUT
quit done.
