init done.
deleteImage: FAILURE
getHighestScoredLabel: INVALID_INPUT
quit done.
