init done.
addImage: INVALID_INPUT
addImage: INVALID_INPUT
addImage: INVALID_INPUT
quit done.
