init done.
addImage: SUCCESS
deleteImage: SUCCESS
deleteImage: FAILURE
addImage: SUCCESS
quit done.
