init done.
resetLabelScore: INVALID_INPUT
resetLabelScore: INVALID_INPUT
getHighestScoredLabel: INVALID_INPUT
mergeSuperPixels: INVALID_INPUT
resetLabelScore: INVALID_INPUT
resetLabelScore: INVALID_INPUT
resetLabelScore: FAILURE
quit done.
