init done.
addImage: SUCCESS
addImage: SUCCESS
deleteImage: SUCCESS
quit done.
