init done.
mergeSuperPixels: INVALID_INPUT
quit done.
